renew-trace 1 sample=glide ticks=600 timestep_ns=16666667 budget=5 seed=7
e 37 key space down
e 38 key space up
e 75 key space down
e 76 key space up
e 120 key escape down
e 121 key escape up
e 125 pointer 0x4064000000000000 0x4059c00000000000
e 130 button left down
e 132 button left up
e 170 key space down
e 171 key space up
e 220 key space down
e 221 key space up
e 300 key escape down
e 301 key escape up
e 305 pointer 0x4064000000000000 0x4061000000000000
e 310 button left down
e 312 button left up
e 350 key space down
e 351 key space up
e 420 key space down
e 421 key space up
e 480 key space down
e 481 key space up
